<?xml version="1.0" encoding="UTF-8"?>
<TestRun id="24036461-d27f-4e06-89a3-980783ba70ba" name="julio@JULIO-PC 2012-06-12 23:18:10" runUser="julio-PC\julio" xmlns="http://microsoft.com/schemas/VisualStudio/TeamTest/2010">
  <TestSettings name="Local" id="9de09b4f-b925-479d-a3b5-a4bd67ce1bfb">
    <Description>These are default test settings for a local test run.</Description>
    <Deployment enabled="false" runDeploymentRoot="julio_JULIO-PC 2012-06-12 23_18_10" />
    <Execution>
      <TestTypeSpecific />
      <AgentRule name="Execution Agents">
      </AgentRule>
    </Execution>
  </TestSettings>
  <Times creation="2012-06-12T23:18:11.0000000-05:00" queuing="2012-06-12T23:18:13.6400000-05:00" start="2012-06-12T23:18:14.1750000-05:00" finish="2012-06-12T23:18:15.3930000-05:00" />
  <ResultSummary outcome="Completed">
    <Counters total="1" executed="1" passed="1" error="0" failed="0" timeout="0" aborted="0" inconclusive="0" passedButRunAborted="0" notRunnable="0" notExecuted="0" disconnected="0" warning="0" completed="0" inProgress="0" pending="0" />
  </ResultSummary>
  <TestDefinitions>
    <UnitTest name="TestMethod1" storage="c:\users\julio\documents\github\lp3\lptests\bin\debug\lptests.dll" id="a6f3bea1-b92a-72a3-dbc5-fe485e6e3417">
      <Execution id="15e401a7-2ece-4a14-942d-50f7fba29f24" />
      <TestMethod codeBase="C:/Users/julio/Documents/GitHub/lp3/LpTests/bin/Debug/LpTests.DLL" adapterTypeName="Microsoft.VisualStudio.TestTools.TestTypes.Unit.UnitTestAdapter, Microsoft.VisualStudio.QualityTools.Tips.UnitTest.Adapter, Version=10.0.0.0, Culture=neutral, PublicKeyToken=b03f5f7f11d50a3a" className="LpTests.LinqTests, LpTests, Version=1.0.0.0, Culture=neutral, PublicKeyToken=null" name="TestMethod1" />
    </UnitTest>
  </TestDefinitions>
  <TestLists>
    <TestList name="Results Not in a List" id="8c84fa94-04c1-424b-9868-57a2d4851a1d" />
    <TestList name="All Loaded Results" id="19431567-8539-422a-85d7-44ee4e166bda" />
  </TestLists>
  <TestEntries>
    <TestEntry testId="a6f3bea1-b92a-72a3-dbc5-fe485e6e3417" executionId="15e401a7-2ece-4a14-942d-50f7fba29f24" testListId="8c84fa94-04c1-424b-9868-57a2d4851a1d" />
  </TestEntries>
  <Results>
    <UnitTestResult executionId="15e401a7-2ece-4a14-942d-50f7fba29f24" testId="a6f3bea1-b92a-72a3-dbc5-fe485e6e3417" testName="TestMethod1" computerName="JULIO-PC" duration="00:00:00.0331043" startTime="2012-06-12T23:18:14.4490000-05:00" endTime="2012-06-12T23:18:15.1940000-05:00" testType="13cdc9d9-ddb5-4fa4-a97d-d965ccfc6d4b" outcome="Passed" testListId="8c84fa94-04c1-424b-9868-57a2d4851a1d" relativeResultsDirectory="15e401a7-2ece-4a14-942d-50f7fba29f24">
    </UnitTestResult>
  </Results>
</TestRun>